{"level":"info","ts":"2026-07-28T19:45:26.511+0800","msg":"backend port","port":":8000","func":"main.main","file":"D:/dev_soft/AgentHub/cmd/main.go","line":39}
{"level":"error","ts":"2026-07-29T10:43:17.514+0800","msg":"Failed to connect to MySQL","error":"dial tcp [::1]:3306: connectex: No connection could be made because the target machine actively refused it.","func":"dao.InitMySQL","file":"D:/dev_soft/AgentHub/internal/dao/mysql.go","line":25}
{"level":"error","ts":"2026-07-29T10:43:17.515+0800","msg":"初始化 MySQL 连接失败","error":"dial tcp [::1]:3306: connectex: No connection could be made because the target machine actively refused it.","func":"main.main","file":"D:/dev_soft/AgentHub/cmd/main.go","line":25}
{"level":"info","ts":"2026-07-29T10:46:12.074+0800","msg":"backend port","port":":8000","func":"main.main","file":"D:/dev_soft/AgentHub/cmd/main.go","line":39}
{"level":"info","ts":"2026-07-29T10:46:49.152+0800","msg":"邮箱验证码","captcha":"738174","func":"user.SendCaptcha","file":"D:/dev_soft/AgentHub/internal/service/user/auth.go","line":35}
{"level":"info","ts":"2026-07-29T10:49:39.432+0800","msg":"backend port","port":":8000","func":"main.main","file":"D:/dev_soft/AgentHub/cmd/main.go","line":39}
{"level":"info","ts":"2026-07-29T10:49:58.451+0800","msg":"邮箱验证码","captcha":"785027","func":"user.SendCaptcha","file":"D:/dev_soft/AgentHub/internal/service/user/auth.go","line":35}
{"level":"info","ts":"2026-07-29T10:50:37.604+0800","msg":"backend port","port":":8000","func":"main.main","file":"D:/dev_soft/AgentHub/cmd/main.go","line":39}
{"level":"info","ts":"2026-07-29T10:50:40.641+0800","msg":"邮箱验证码","captcha":"217888","func":"user.SendCaptcha","file":"D:/dev_soft/AgentHub/internal/service/user/auth.go","line":35}
{"level":"info","ts":"2026-07-29T16:24:41.302+0800","msg":"backend port","port":":8000","func":"main.main","file":"D:/dev_soft/AgentHub/cmd/main.go","line":39}
{"level":"info","ts":"2026-07-29T17:38:09.509+0800","msg":"backend port","port":":8000","func":"main.main","file":"D:/dev_soft/AgentHub/cmd/main.go","line":39}
{"level":"info","ts":"2026-07-29T17:40:24.870+0800","msg":"token","token":"eyJhbGciOiJIUzI1NiIsInR5cCI6IkpXVCJ9.eyJleHAiOjE3ODU1NzcxMzAsInVzZXJuYW1lIjoiMjA4MjI5ODA2MDAwNzgwMDgzMiJ9.HO59GY-UNu_kkmgLbRK2isYLz2QMqf41lJwbSW_iiKs","func":"route.InitRoute.Auth.func1","file":"D:/dev_soft/AgentHub/internal/middleware/auth.go","line":32}
{"level":"info","ts":"2026-07-29T17:41:36.567+0800","msg":"token","token":"eyJhbGciOiJIUzI1NiIsInR5cCI6IkpXVCJ9.eyJleHAiOjE3ODU1NzcxMzAsInVzZXJuYW1lIjoiMjA4MjI5ODA2MDAwNzgwMDgzMiJ9.HO59GY-UNu_kkmgLbRK2isYLz2QMqf41lJwbSW_iiKs","func":"route.InitRoute.Auth.func1","file":"D:/dev_soft/AgentHub/internal/middleware/auth.go","line":32}
{"level":"info","ts":"2026-07-29T17:43:48.529+0800","msg":"backend port","port":":8000","func":"main.main","file":"D:/dev_soft/AgentHub/cmd/main.go","line":39}
{"level":"info","ts":"2026-07-29T17:43:53.999+0800","msg":"token","token":"eyJhbGciOiJIUzI1NiIsInR5cCI6IkpXVCJ9.eyJleHAiOjE3ODU1NzcxMzAsInVzZXJuYW1lIjoiMjA4MjI5ODA2MDAwNzgwMDgzMiJ9.HO59GY-UNu_kkmgLbRK2isYLz2QMqf41lJwbSW_iiKs","func":"route.InitRoute.Auth.func1","file":"D:/dev_soft/AgentHub/internal/middleware/auth.go","line":32}
{"level":"info","ts":"2026-07-29T17:43:53.999+0800","msg":"JWT 解析出错","func":"route.InitRoute.Auth.func1","file":"D:/dev_soft/AgentHub/internal/middleware/auth.go","line":35}
{"level":"info","ts":"2026-07-29T17:44:48.938+0800","msg":"backend port","port":":8000","func":"main.main","file":"D:/dev_soft/AgentHub/cmd/main.go","line":39}
{"level":"info","ts":"2026-07-29T17:44:50.455+0800","msg":"token","token":"eyJhbGciOiJIUzI1NiIsInR5cCI6IkpXVCJ9.eyJleHAiOjE3ODU1NzcxMzAsInVzZXJuYW1lIjoiMjA4MjI5ODA2MDAwNzgwMDgzMiJ9.HO59GY-UNu_kkmgLbRK2isYLz2QMqf41lJwbSW_iiKs","func":"route.InitRoute.Auth.func1","file":"D:/dev_soft/AgentHub/internal/middleware/auth.go","line":32}
{"level":"info","ts":"2026-07-29T17:44:50.455+0800","msg":"JWT 解析出错","error":"token has problem","func":"route.InitRoute.Auth.func1","file":"D:/dev_soft/AgentHub/internal/middleware/auth.go","line":35}
{"level":"info","ts":"2026-07-29T17:45:44.860+0800","msg":"backend port","port":":8000","func":"main.main","file":"D:/dev_soft/AgentHub/cmd/main.go","line":39}
{"level":"info","ts":"2026-07-29T17:45:46.650+0800","msg":"token","token":"eyJhbGciOiJIUzI1NiIsInR5cCI6IkpXVCJ9.eyJleHAiOjE3ODU1NzcxMzAsInVzZXJuYW1lIjoiMjA4MjI5ODA2MDAwNzgwMDgzMiJ9.HO59GY-UNu_kkmgLbRK2isYLz2QMqf41lJwbSW_iiKs","func":"route.InitRoute.Auth.func1","file":"D:/dev_soft/AgentHub/internal/middleware/auth.go","line":32}
{"level":"info","ts":"2026-07-29T17:45:46.650+0800","msg":"JWT 解析出错","error":"token has problem","func":"route.InitRoute.Auth.func1","file":"D:/dev_soft/AgentHub/internal/middleware/auth.go","line":35}
{"level":"info","ts":"2026-07-29T17:46:32.256+0800","msg":"token","token":"eyJhbGciOiJIUzI1NiIsInR5cCI6IkpXVCJ9.eyJleHAiOjE3ODU1Nzc1NzIsInVzZXJfaWQiOiIyMDgyMjk4MDYwMDA3ODAwODMyIn0.5z2emagJUvaDPbX47PBqWiWSBAxVcTtwagwcyljZEqM","func":"route.InitRoute.Auth.func1","file":"D:/dev_soft/AgentHub/internal/middleware/auth.go","line":32}
{"level":"info","ts":"2026-07-29T17:46:32.256+0800","msg":"JWT 解析出错","error":"token has problem","func":"route.InitRoute.Auth.func1","file":"D:/dev_soft/AgentHub/internal/middleware/auth.go","line":35}
{"level":"info","ts":"2026-07-29T17:47:06.709+0800","msg":"token","token":"eyJhbGciOiJIUzI1NiIsInR5cCI6IkpXVCJ9.eyJleHAiOjE3ODU1Nzc1NzIsInVzZXJfaWQiOiIyMDgyMjk4MDYwMDA3ODAwODMyIn0.5z2emagJUvaDPbX47PBqWiWSBAxVcTtwagwcyljZEqM","func":"route.InitRoute.Auth.func1","file":"D:/dev_soft/AgentHub/internal/middleware/auth.go","line":32}
{"level":"info","ts":"2026-07-29T17:47:06.709+0800","msg":"JWT 解析出错","error":"token has problem","func":"route.InitRoute.Auth.func1","file":"D:/dev_soft/AgentHub/internal/middleware/auth.go","line":35}
{"level":"info","ts":"2026-07-29T17:48:56.943+0800","msg":"backend port","port":":8000","func":"main.main","file":"D:/dev_soft/AgentHub/cmd/main.go","line":39}
{"level":"info","ts":"2026-07-29T17:49:11.659+0800","msg":"token","token":"Bearer eyJhbGciOiJIUzI1NiIsInR5cCI6IkpXVCJ9.eyJleHAiOjE3ODU1Nzc3NDAsInVzZXJfaWQiOiIyMDgyMjk4MDYwMDA3ODAwODMyIn0.qYIqIyaBmwI9mx2p-KEVwU_VGjCvQOj5U5HLHYUVLdo","func":"route.InitRoute.Auth.func1","file":"D:/dev_soft/AgentHub/internal/middleware/auth.go","line":32}
{"level":"info","ts":"2026-07-29T17:50:15.751+0800","msg":"token","token":"Bearer eyJhbGciOiJIUzI1NiIsInR5cCI6IkpXVCJ9.eyJleHAiOjE3ODU1Nzc3NDAsInVzZXJfaWQiOiIyMDgyMjk4MDYwMDA3ODAwODMyIn0.qYIqIyaBmwI9mx2p-KEVwU_VGjCvQOj5U5HLHYUVLdo","func":"route.InitRoute.Auth.func1","file":"D:/dev_soft/AgentHub/internal/middleware/auth.go","line":32}
{"level":"info","ts":"2026-07-29T17:56:27.434+0800","msg":"backend port","port":":8000","func":"main.main","file":"D:/dev_soft/AgentHub/cmd/main.go","line":39}
{"level":"info","ts":"2026-07-29T17:56:32.028+0800","msg":"token","token":"Bearer eyJhbGciOiJIUzI1NiIsInR5cCI6IkpXVCJ9.eyJleHAiOjE3ODU1Nzc3NDAsInVzZXJfaWQiOiIyMDgyMjk4MDYwMDA3ODAwODMyIn0.qYIqIyaBmwI9mx2p-KEVwU_VGjCvQOj5U5HLHYUVLdo","func":"route.InitRoute.Auth.func1","file":"D:/dev_soft/AgentHub/internal/middleware/auth.go","line":32}
{"level":"info","ts":"2026-07-29T17:56:39.910+0800","msg":"token","token":"Bearer eyJhbGciOiJIUzI1NiIsInR5cCI6IkpXVCJ9.eyJleHAiOjE3ODU1Nzc3NDAsInVzZXJfaWQiOiIyMDgyMjk4MDYwMDA3ODAwODMyIn0.qYIqIyaBmwI9mx2p-KEVwU_VGjCvQOj5U5HLHYUVLdo","func":"route.InitRoute.Auth.func1","file":"D:/dev_soft/AgentHub/internal/middleware/auth.go","line":32}
{"level":"error","ts":"2026-07-31T14:07:43.526+0800","msg":"Failed to connect to MySQL","error":"dial tcp [::1]:3306: connectex: No connection could be made because the target machine actively refused it.","func":"dao.InitMySQL","file":"D:/dev_soft/AgentHub/internal/dao/mysql.go","line":25}
{"level":"error","ts":"2026-07-31T14:07:43.526+0800","msg":"初始化 MySQL 连接失败","error":"dial tcp [::1]:3306: connectex: No connection could be made because the target machine actively refused it.","func":"main.main","file":"D:/dev_soft/AgentHub/cmd/main.go","line":25}
{"level":"info","ts":"2026-07-31T14:08:30.233+0800","msg":"backend port","port":":8000","func":"main.main","file":"D:/dev_soft/AgentHub/cmd/main.go","line":39}
{"level":"info","ts":"2026-07-31T14:11:32.007+0800","msg":"token","token":"Bearer eyJhbGciOiJIUzI1NiIsInR5cCI6IkpXVCJ9.eyJleHAiOjE3ODU3Mzc0NTYsInVzZXJfaWQiOiIyMDgyMjk4MDYwMDA3ODAwODMyIn0.BZfhKT7Md8aYudIxM0I6QIl25rWBRL2hG49Cxr1UM6U","func":"route.InitRoute.Auth.func2","file":"D:/dev_soft/AgentHub/internal/middleware/auth.go","line":32}
{"level":"error","ts":"2026-07-31T14:11:32.008+0800","msg":"断言失败","func":"controller.ModelCreate","file":"D:/dev_soft/AgentHub/internal/controller/model.go","line":45}
{"level":"info","ts":"2026-07-31T14:18:02.059+0800","msg":"backend port","port":":8000","func":"main.main","file":"D:/dev_soft/AgentHub/cmd/main.go","line":39}
{"level":"info","ts":"2026-07-31T14:19:32.252+0800","msg":"token","token":"Bearer eyJhbGciOiJIUzI1NiIsInR5cCI6IkpXVCJ9.eyJleHAiOjE3ODU3Mzc4OTcsInVzZXJfaWQiOiIyMDgyMjk4MDYwMDA3ODAwODMyIn0.7kODKaciQZkHdDzvRolNhw6iiUcF7l7CynsVOYjsE-s","func":"route.InitRoute.Auth.func2","file":"D:/dev_soft/AgentHub/internal/middleware/auth.go","line":33}
{"level":"info","ts":"2026-07-31T14:21:41.717+0800","msg":"token","token":"Bearer eyJhbGciOiJIUzI1NiIsInR5cCI6IkpXVCJ9.eyJleHAiOjE3ODU3Mzc4OTcsInVzZXJfaWQiOiIyMDgyMjk4MDYwMDA3ODAwODMyIn0.7kODKaciQZkHdDzvRolNhw6iiUcF7l7CynsVOYjsE-s","func":"route.InitRoute.Auth.func2","file":"D:/dev_soft/AgentHub/internal/middleware/auth.go","line":33}
{"level":"info","ts":"2026-07-31T14:23:00.136+0800","msg":"token","token":"Bearer eyJhbGciOiJIUzI1NiIsInR5cCI6IkpXVCJ9.eyJleHAiOjE3ODU3Mzc4OTcsInVzZXJfaWQiOiIyMDgyMjk4MDYwMDA3ODAwODMyIn0.7kODKaciQZkHdDzvRolNhw6iiUcF7l7CynsVOYjsE-s","func":"route.InitRoute.Auth.func2","file":"D:/dev_soft/AgentHub/internal/middleware/auth.go","line":33}
{"level":"error","ts":"2026-07-31T14:23:00.136+0800","msg":"断言失败","func":"controller.ModelList","file":"D:/dev_soft/AgentHub/internal/controller/model.go","line":21}
{"level":"info","ts":"2026-07-31T14:23:23.828+0800","msg":"backend port","port":":8000","func":"main.main","file":"D:/dev_soft/AgentHub/cmd/main.go","line":39}
{"level":"info","ts":"2026-07-31T14:23:26.089+0800","msg":"token","token":"Bearer eyJhbGciOiJIUzI1NiIsInR5cCI6IkpXVCJ9.eyJleHAiOjE3ODU3Mzc4OTcsInVzZXJfaWQiOiIyMDgyMjk4MDYwMDA3ODAwODMyIn0.7kODKaciQZkHdDzvRolNhw6iiUcF7l7CynsVOYjsE-s","func":"route.InitRoute.Auth.func2","file":"D:/dev_soft/AgentHub/internal/middleware/auth.go","line":33}
{"level":"info","ts":"2026-07-31T15:01:57.100+0800","msg":"backend port","port":":8000","func":"main.main","file":"D:/dev_soft/AgentHub/cmd/main.go","line":39}
{"level":"info","ts":"2026-07-31T15:06:38.305+0800","msg":"backend port","port":":8000","func":"main.main","file":"D:/dev_soft/AgentHub/cmd/main.go","line":39}
{"level":"info","ts":"2026-07-31T15:07:30.925+0800","msg":"backend port","port":":8000","func":"main.main","file":"D:/dev_soft/AgentHub/cmd/main.go","line":39}
{"level":"info","ts":"2026-07-31T15:10:32.612+0800","msg":"token","token":"Bearer eyJhbGciOiJIUzI1NiIsInR5cCI6IkpXVCJ9.eyJleHAiOjE3ODU3Mzc4OTcsInVzZXJfaWQiOiIyMDgyMjk4MDYwMDA3ODAwODMyIn0.7kODKaciQZkHdDzvRolNhw6iiUcF7l7CynsVOYjsE-s","func":"route.InitRoute.Auth.func2","file":"D:/dev_soft/AgentHub/internal/middleware/auth.go","line":33}
{"level":"info","ts":"2026-07-31T15:24:37.890+0800","msg":"backend port","port":":8000","func":"main.main","file":"D:/dev_soft/AgentHub/cmd/main.go","line":39}
{"level":"info","ts":"2026-07-31T15:25:35.459+0800","msg":"token","token":"Bearer eyJhbGciOiJIUzI1NiIsInR5cCI6IkpXVCJ9.eyJleHAiOjE3ODU3Mzc4OTcsInVzZXJfaWQiOiIyMDgyMjk4MDYwMDA3ODAwODMyIn0.7kODKaciQZkHdDzvRolNhw6iiUcF7l7CynsVOYjsE-s","func":"route.InitRoute.Auth.func2","file":"D:/dev_soft/AgentHub/internal/middleware/auth.go","line":33}
{"level":"info","ts":"2026-07-31T16:21:39.347+0800","msg":"backend port","port":":8000","func":"main.main","file":"D:/dev_soft/AgentHub/cmd/main.go","line":39}
{"level":"info","ts":"2026-07-31T16:22:20.473+0800","msg":"token","token":"Bearer eyJhbGciOiJIUzI1NiIsInR5cCI6IkpXVCJ9.eyJleHAiOjE3ODU3Mzc4OTcsInVzZXJfaWQiOiIyMDgyMjk4MDYwMDA3ODAwODMyIn0.7kODKaciQZkHdDzvRolNhw6iiUcF7l7CynsVOYjsE-s","func":"route.InitRoute.Auth.func3","file":"D:/dev_soft/AgentHub/internal/middleware/auth.go","line":33}
{"level":"info","ts":"2026-07-31T16:25:07.826+0800","msg":"backend port","port":":8000","func":"main.main","file":"D:/dev_soft/AgentHub/cmd/main.go","line":39}
{"level":"info","ts":"2026-07-31T16:25:10.633+0800","msg":"token","token":"Bearer eyJhbGciOiJIUzI1NiIsInR5cCI6IkpXVCJ9.eyJleHAiOjE3ODU3Mzc4OTcsInVzZXJfaWQiOiIyMDgyMjk4MDYwMDA3ODAwODMyIn0.7kODKaciQZkHdDzvRolNhw6iiUcF7l7CynsVOYjsE-s","func":"route.InitRoute.Auth.func3","file":"D:/dev_soft/AgentHub/internal/middleware/auth.go","line":33}
{"level":"debug","ts":"2026-07-31T16:25:10.633+0800","msg":"user_id","user_id":2082298060007800832,"func":"controller.WorkflowPage","file":"D:/dev_soft/AgentHub/internal/controller/workflow.go","line":25}
{"level":"info","ts":"2026-07-31T16:27:09.978+0800","msg":"token","token":"Bearer eyJhbGciOiJIUzI1NiIsInR5cCI6IkpXVCJ9.eyJleHAiOjE3ODU3Mzc4OTcsInVzZXJfaWQiOiIyMDgyMjk4MDYwMDA3ODAwODMyIn0.7kODKaciQZkHdDzvRolNhw6iiUcF7l7CynsVOYjsE-s","func":"route.InitRoute.Auth.func2","file":"D:/dev_soft/AgentHub/internal/middleware/auth.go","line":33}
{"level":"info","ts":"2026-07-31T16:27:36.827+0800","msg":"token","token":"Bearer eyJhbGciOiJIUzI1NiIsInR5cCI6IkpXVCJ9.eyJleHAiOjE3ODU3Mzc4OTcsInVzZXJfaWQiOiIyMDgyMjk4MDYwMDA3ODAwODMyIn0.7kODKaciQZkHdDzvRolNhw6iiUcF7l7CynsVOYjsE-s","func":"route.InitRoute.Auth.func2","file":"D:/dev_soft/AgentHub/internal/middleware/auth.go","line":33}
{"level":"info","ts":"2026-07-31T16:27:41.580+0800","msg":"token","token":"Bearer eyJhbGciOiJIUzI1NiIsInR5cCI6IkpXVCJ9.eyJleHAiOjE3ODU3Mzc4OTcsInVzZXJfaWQiOiIyMDgyMjk4MDYwMDA3ODAwODMyIn0.7kODKaciQZkHdDzvRolNhw6iiUcF7l7CynsVOYjsE-s","func":"route.InitRoute.Auth.func2","file":"D:/dev_soft/AgentHub/internal/middleware/auth.go","line":33}
{"level":"info","ts":"2026-07-31T16:28:00.402+0800","msg":"token","token":"Bearer eyJhbGciOiJIUzI1NiIsInR5cCI6IkpXVCJ9.eyJleHAiOjE3ODU3Mzc4OTcsInVzZXJfaWQiOiIyMDgyMjk4MDYwMDA3ODAwODMyIn0.7kODKaciQZkHdDzvRolNhw6iiUcF7l7CynsVOYjsE-s","func":"route.InitRoute.Auth.func3","file":"D:/dev_soft/AgentHub/internal/middleware/auth.go","line":33}
{"level":"debug","ts":"2026-07-31T16:28:00.402+0800","msg":"user_id","user_id":2082298060007800832,"func":"controller.WorkflowPage","file":"D:/dev_soft/AgentHub/internal/controller/workflow.go","line":25}
{"level":"info","ts":"2026-07-31T16:28:11.390+0800","msg":"token","token":"Bearer eyJhbGciOiJIUzI1NiIsInR5cCI6IkpXVCJ9.eyJleHAiOjE3ODU3Mzc4OTcsInVzZXJfaWQiOiIyMDgyMjk4MDYwMDA3ODAwODMyIn0.7kODKaciQZkHdDzvRolNhw6iiUcF7l7CynsVOYjsE-s","func":"route.InitRoute.Auth.func3","file":"D:/dev_soft/AgentHub/internal/middleware/auth.go","line":33}
{"level":"debug","ts":"2026-07-31T16:28:11.390+0800","msg":"user_id","user_id":2082298060007800832,"func":"controller.WorkflowPage","file":"D:/dev_soft/AgentHub/internal/controller/workflow.go","line":25}
{"level":"info","ts":"2026-07-31T16:28:14.648+0800","msg":"token","token":"Bearer eyJhbGciOiJIUzI1NiIsInR5cCI6IkpXVCJ9.eyJleHAiOjE3ODU3Mzc4OTcsInVzZXJfaWQiOiIyMDgyMjk4MDYwMDA3ODAwODMyIn0.7kODKaciQZkHdDzvRolNhw6iiUcF7l7CynsVOYjsE-s","func":"route.InitRoute.Auth.func3","file":"D:/dev_soft/AgentHub/internal/middleware/auth.go","line":33}
{"level":"debug","ts":"2026-07-31T16:28:14.648+0800","msg":"user_id","user_id":2082298060007800832,"func":"controller.WorkflowPage","file":"D:/dev_soft/AgentHub/internal/controller/workflow.go","line":25}
{"level":"info","ts":"2026-07-31T16:29:19.751+0800","msg":"backend port","port":":8000","func":"main.main","file":"D:/dev_soft/AgentHub/cmd/main.go","line":39}
{"level":"info","ts":"2026-07-31T16:29:21.947+0800","msg":"token","token":"Bearer eyJhbGciOiJIUzI1NiIsInR5cCI6IkpXVCJ9.eyJleHAiOjE3ODU3Mzc4OTcsInVzZXJfaWQiOiIyMDgyMjk4MDYwMDA3ODAwODMyIn0.7kODKaciQZkHdDzvRolNhw6iiUcF7l7CynsVOYjsE-s","func":"route.InitRoute.Auth.func3","file":"D:/dev_soft/AgentHub/internal/middleware/auth.go","line":33}
{"level":"debug","ts":"2026-07-31T16:29:21.948+0800","msg":"user_id","user_id":2082298060007800832,"func":"controller.WorkflowPage","file":"D:/dev_soft/AgentHub/internal/controller/workflow.go","line":25}
{"level":"debug","ts":"2026-07-31T16:29:21.950+0800","msg":"没有数据","func":"workflow.Page","file":"D:/dev_soft/AgentHub/internal/service/workflow/workflow.go","line":34}
{"level":"info","ts":"2026-07-31T16:29:43.617+0800","msg":"token","token":"Bearer eyJhbGciOiJIUzI1NiIsInR5cCI6IkpXVCJ9.eyJleHAiOjE3ODU3Mzc4OTcsInVzZXJfaWQiOiIyMDgyMjk4MDYwMDA3ODAwODMyIn0.7kODKaciQZkHdDzvRolNhw6iiUcF7l7CynsVOYjsE-s","func":"route.InitRoute.Auth.func3","file":"D:/dev_soft/AgentHub/internal/middleware/auth.go","line":33}
{"level":"debug","ts":"2026-07-31T16:29:43.617+0800","msg":"user_id","user_id":2082298060007800832,"func":"controller.WorkflowPage","file":"D:/dev_soft/AgentHub/internal/controller/workflow.go","line":25}
{"level":"info","ts":"2026-07-31T16:29:52.915+0800","msg":"token","token":"Bearer eyJhbGciOiJIUzI1NiIsInR5cCI6IkpXVCJ9.eyJleHAiOjE3ODU3Mzc4OTcsInVzZXJfaWQiOiIyMDgyMjk4MDYwMDA3ODAwODMyIn0.7kODKaciQZkHdDzvRolNhw6iiUcF7l7CynsVOYjsE-s","func":"route.InitRoute.Auth.func3","file":"D:/dev_soft/AgentHub/internal/middleware/auth.go","line":33}
{"level":"debug","ts":"2026-07-31T16:29:52.915+0800","msg":"user_id","user_id":2082298060007800832,"func":"controller.WorkflowPage","file":"D:/dev_soft/AgentHub/internal/controller/workflow.go","line":25}
{"level":"debug","ts":"2026-07-31T16:29:52.917+0800","msg":"没有数据","func":"workflow.Page","file":"D:/dev_soft/AgentHub/internal/service/workflow/workflow.go","line":34}
{"level":"info","ts":"2026-07-31T16:46:50.890+0800","msg":"backend port","port":":8000","func":"main.main","file":"D:/dev_soft/AgentHub/cmd/main.go","line":39}
{"level":"info","ts":"2026-07-31T16:47:55.354+0800","msg":"token","token":"Bearer eyJhbGciOiJIUzI1NiIsInR5cCI6IkpXVCJ9.eyJleHAiOjE3ODU3Mzc4OTcsInVzZXJfaWQiOiIyMDgyMjk4MDYwMDA3ODAwODMyIn0.7kODKaciQZkHdDzvRolNhw6iiUcF7l7CynsVOYjsE-s","func":"route.InitRoute.Auth.func3","file":"D:/dev_soft/AgentHub/internal/middleware/auth.go","line":33}
{"level":"info","ts":"2026-07-31T16:48:10.700+0800","msg":"token","token":"Bearer eyJhbGciOiJIUzI1NiIsInR5cCI6IkpXVCJ9.eyJleHAiOjE3ODU3Mzc4OTcsInVzZXJfaWQiOiIyMDgyMjk4MDYwMDA3ODAwODMyIn0.7kODKaciQZkHdDzvRolNhw6iiUcF7l7CynsVOYjsE-s","func":"route.InitRoute.Auth.func3","file":"D:/dev_soft/AgentHub/internal/middleware/auth.go","line":33}
{"level":"info","ts":"2026-07-31T16:48:13.218+0800","msg":"token","token":"Bearer eyJhbGciOiJIUzI1NiIsInR5cCI6IkpXVCJ9.eyJleHAiOjE3ODU3Mzc4OTcsInVzZXJfaWQiOiIyMDgyMjk4MDYwMDA3ODAwODMyIn0.7kODKaciQZkHdDzvRolNhw6iiUcF7l7CynsVOYjsE-s","func":"route.InitRoute.Auth.func3","file":"D:/dev_soft/AgentHub/internal/middleware/auth.go","line":33}
{"level":"info","ts":"2026-07-31T16:48:16.708+0800","msg":"token","token":"Bearer eyJhbGciOiJIUzI1NiIsInR5cCI6IkpXVCJ9.eyJleHAiOjE3ODU3Mzc4OTcsInVzZXJfaWQiOiIyMDgyMjk4MDYwMDA3ODAwODMyIn0.7kODKaciQZkHdDzvRolNhw6iiUcF7l7CynsVOYjsE-s","func":"route.InitRoute.Auth.func3","file":"D:/dev_soft/AgentHub/internal/middleware/auth.go","line":33}
{"level":"info","ts":"2026-07-31T16:48:28.429+0800","msg":"token","token":"Bearer eyJhbGciOiJIUzI1NiIsInR5cCI6IkpXVCJ9.eyJleHAiOjE3ODU3Mzc4OTcsInVzZXJfaWQiOiIyMDgyMjk4MDYwMDA3ODAwODMyIn0.7kODKaciQZkHdDzvRolNhw6iiUcF7l7CynsVOYjsE-s","func":"route.InitRoute.Auth.func3","file":"D:/dev_soft/AgentHub/internal/middleware/auth.go","line":33}
{"level":"info","ts":"2026-07-31T16:50:31.409+0800","msg":"token","token":"Bearer eyJhbGciOiJIUzI1NiIsInR5cCI6IkpXVCJ9.eyJleHAiOjE3ODU3Mzc4OTcsInVzZXJfaWQiOiIyMDgyMjk4MDYwMDA3ODAwODMyIn0.7kODKaciQZkHdDzvRolNhw6iiUcF7l7CynsVOYjsE-s","func":"route.InitRoute.Auth.func3","file":"D:/dev_soft/AgentHub/internal/middleware/auth.go","line":33}
{"level":"info","ts":"2026-07-31T16:50:55.560+0800","msg":"token","token":"Bearer eyJhbGciOiJIUzI1NiIsInR5cCI6IkpXVCJ9.eyJleHAiOjE3ODU3Mzc4OTcsInVzZXJfaWQiOiIyMDgyMjk4MDYwMDA3ODAwODMyIn0.7kODKaciQZkHdDzvRolNhw6iiUcF7l7CynsVOYjsE-s","func":"route.InitRoute.Auth.func3","file":"D:/dev_soft/AgentHub/internal/middleware/auth.go","line":33}
{"level":"info","ts":"2026-07-31T16:51:55.129+0800","msg":"backend port","port":":8000","func":"main.main","file":"D:/dev_soft/AgentHub/cmd/main.go","line":39}
{"level":"info","ts":"2026-07-31T16:52:38.001+0800","msg":"token","token":"Bearer eyJhbGciOiJIUzI1NiIsInR5cCI6IkpXVCJ9.eyJleHAiOjE3ODU3Mzc4OTcsInVzZXJfaWQiOiIyMDgyMjk4MDYwMDA3ODAwODMyIn0.7kODKaciQZkHdDzvRolNhw6iiUcF7l7CynsVOYjsE-s","func":"route.InitRoute.Auth.func3","file":"D:/dev_soft/AgentHub/internal/middleware/auth.go","line":33}
{"level":"info","ts":"2026-07-31T16:52:42.260+0800","msg":"token","token":"Bearer eyJhbGciOiJIUzI1NiIsInR5cCI6IkpXVCJ9.eyJleHAiOjE3ODU3Mzc4OTcsInVzZXJfaWQiOiIyMDgyMjk4MDYwMDA3ODAwODMyIn0.7kODKaciQZkHdDzvRolNhw6iiUcF7l7CynsVOYjsE-s","func":"route.InitRoute.Auth.func3","file":"D:/dev_soft/AgentHub/internal/middleware/auth.go","line":33}
{"level":"info","ts":"2026-07-31T16:52:45.816+0800","msg":"token","token":"Bearer eyJhbGciOiJIUzI1NiIsInR5cCI6IkpXVCJ9.eyJleHAiOjE3ODU3Mzc4OTcsInVzZXJfaWQiOiIyMDgyMjk4MDYwMDA3ODAwODMyIn0.7kODKaciQZkHdDzvRolNhw6iiUcF7l7CynsVOYjsE-s","func":"route.InitRoute.Auth.func3","file":"D:/dev_soft/AgentHub/internal/middleware/auth.go","line":33}
{"level":"info","ts":"2026-07-31T16:52:48.939+0800","msg":"token","token":"Bearer eyJhbGciOiJIUzI1NiIsInR5cCI6IkpXVCJ9.eyJleHAiOjE3ODU3Mzc4OTcsInVzZXJfaWQiOiIyMDgyMjk4MDYwMDA3ODAwODMyIn0.7kODKaciQZkHdDzvRolNhw6iiUcF7l7CynsVOYjsE-s","func":"route.InitRoute.Auth.func3","file":"D:/dev_soft/AgentHub/internal/middleware/auth.go","line":33}
{"level":"info","ts":"2026-07-31T16:52:56.533+0800","msg":"token","token":"Bearer eyJhbGciOiJIUzI1NiIsInR5cCI6IkpXVCJ9.eyJleHAiOjE3ODU3Mzc4OTcsInVzZXJfaWQiOiIyMDgyMjk4MDYwMDA3ODAwODMyIn0.7kODKaciQZkHdDzvRolNhw6iiUcF7l7CynsVOYjsE-s","func":"route.InitRoute.Auth.func3","file":"D:/dev_soft/AgentHub/internal/middleware/auth.go","line":33}
{"level":"info","ts":"2026-07-31T16:54:15.178+0800","msg":"token","token":"Bearer eyJhbGciOiJIUzI1NiIsInR5cCI6IkpXVCJ9.eyJleHAiOjE3ODU3Mzc4OTcsInVzZXJfaWQiOiIyMDgyMjk4MDYwMDA3ODAwODMyIn0.7kODKaciQZkHdDzvRolNhw6iiUcF7l7CynsVOYjsE-s","func":"route.InitRoute.Auth.func3","file":"D:/dev_soft/AgentHub/internal/middleware/auth.go","line":33}
{"level":"info","ts":"2026-07-31T16:54:33.723+0800","msg":"token","token":"Bearer eyJhbGciOiJIUzI1NiIsInR5cCI6IkpXVCJ9.eyJleHAiOjE3ODU3Mzc4OTcsInVzZXJfaWQiOiIyMDgyMjk4MDYwMDA3ODAwODMyIn0.7kODKaciQZkHdDzvRolNhw6iiUcF7l7CynsVOYjsE-s","func":"route.InitRoute.Auth.func3","file":"D:/dev_soft/AgentHub/internal/middleware/auth.go","line":33}
{"level":"info","ts":"2026-07-31T16:54:38.276+0800","msg":"token","token":"Bearer eyJhbGciOiJIUzI1NiIsInR5cCI6IkpXVCJ9.eyJleHAiOjE3ODU3Mzc4OTcsInVzZXJfaWQiOiIyMDgyMjk4MDYwMDA3ODAwODMyIn0.7kODKaciQZkHdDzvRolNhw6iiUcF7l7CynsVOYjsE-s","func":"route.InitRoute.Auth.func3","file":"D:/dev_soft/AgentHub/internal/middleware/auth.go","line":33}
{"level":"info","ts":"2026-08-03T21:41:24.400+0800","msg":"backend port","port":":8000","func":"main.main","file":"D:/dev_soft/AgentHub/cmd/main.go","line":39}
{"level":"info","ts":"2026-08-03T21:43:37.094+0800","msg":"token","token":"Bearer eyJhbGciOiJIUzI1NiIsInR5cCI6IkpXVCJ9.eyJleHAiOjE3ODU3Mzc4OTcsInVzZXJfaWQiOiIyMDgyMjk4MDYwMDA3ODAwODMyIn0.7kODKaciQZkHdDzvRolNhw6iiUcF7l7CynsVOYjsE-s","func":"route.InitRoute.Auth.func3","file":"D:/dev_soft/AgentHub/internal/middleware/auth.go","line":33}
{"level":"info","ts":"2026-08-03T21:43:37.094+0800","msg":"JWT 解析出错","error":"token expired","func":"route.InitRoute.Auth.func3","file":"D:/dev_soft/AgentHub/internal/middleware/auth.go","line":36}
{"level":"info","ts":"2026-08-03T21:44:18.322+0800","msg":"token","token":"Bearer eyJhbGciOiJIUzI1NiIsInR5cCI6IkpXVCJ9.eyJleHAiOjE3ODYwMjM4MzQsInVzZXJfaWQiOiIyMDgyMjk4MDYwMDA3ODAwODMyIn0.evixN5mVVPatQQEVuTEkIl9TYCvgZScJYBvsdqUZ9Kw","func":"route.InitRoute.Auth.func3","file":"D:/dev_soft/AgentHub/internal/middleware/auth.go","line":33}
{"level":"info","ts":"2026-08-03T21:44:18.323+0800","msg":"参数缺失","func":"controller.WorkflowPage","file":"D:/dev_soft/AgentHub/internal/controller/workflow.go","line":28}
{"level":"info","ts":"2026-08-03T21:49:42.276+0800","msg":"backend port","port":":8000","func":"main.main","file":"D:/dev_soft/AgentHub/cmd/main.go","line":39}
{"level":"info","ts":"2026-08-03T21:49:48.215+0800","msg":"token","token":"Bearer eyJhbGciOiJIUzI1NiIsInR5cCI6IkpXVCJ9.eyJleHAiOjE3ODYwMjM4MzQsInVzZXJfaWQiOiIyMDgyMjk4MDYwMDA3ODAwODMyIn0.evixN5mVVPatQQEVuTEkIl9TYCvgZScJYBvsdqUZ9Kw","func":"route.InitRoute.Auth.func3","file":"D:/dev_soft/AgentHub/internal/middleware/auth.go","line":33}
{"level":"info","ts":"2026-08-03T21:49:48.215+0800","msg":"参数缺失","func":"controller.WorkflowPage","file":"D:/dev_soft/AgentHub/internal/controller/workflow.go","line":28}
{"level":"info","ts":"2026-08-03T21:49:57.838+0800","msg":"token","token":"Bearer eyJhbGciOiJIUzI1NiIsInR5cCI6IkpXVCJ9.eyJleHAiOjE3ODYwMjM4MzQsInVzZXJfaWQiOiIyMDgyMjk4MDYwMDA3ODAwODMyIn0.evixN5mVVPatQQEVuTEkIl9TYCvgZScJYBvsdqUZ9Kw","func":"route.InitRoute.Auth.func3","file":"D:/dev_soft/AgentHub/internal/middleware/auth.go","line":33}
{"level":"info","ts":"2026-08-03T21:49:57.838+0800","msg":"参数缺失","func":"controller.WorkflowPage","file":"D:/dev_soft/AgentHub/internal/controller/workflow.go","line":28}
{"level":"info","ts":"2026-08-03T21:51:26.629+0800","msg":"backend port","port":":8000","func":"main.main","file":"D:/dev_soft/AgentHub/cmd/main.go","line":39}
{"level":"info","ts":"2026-08-03T21:51:39.768+0800","msg":"token","token":"Bearer eyJhbGciOiJIUzI1NiIsInR5cCI6IkpXVCJ9.eyJleHAiOjE3ODYwMjM4MzQsInVzZXJfaWQiOiIyMDgyMjk4MDYwMDA3ODAwODMyIn0.evixN5mVVPatQQEVuTEkIl9TYCvgZScJYBvsdqUZ9Kw","func":"route.InitRoute.Auth.func3","file":"D:/dev_soft/AgentHub/internal/middleware/auth.go","line":33}
{"level":"info","ts":"2026-08-03T21:53:24.713+0800","msg":"backend port","port":":8000","func":"main.main","file":"D:/dev_soft/AgentHub/cmd/main.go","line":39}
{"level":"info","ts":"2026-08-03T21:53:27.698+0800","msg":"token","token":"Bearer eyJhbGciOiJIUzI1NiIsInR5cCI6IkpXVCJ9.eyJleHAiOjE3ODYwMjM4MzQsInVzZXJfaWQiOiIyMDgyMjk4MDYwMDA3ODAwODMyIn0.evixN5mVVPatQQEVuTEkIl9TYCvgZScJYBvsdqUZ9Kw","func":"route.InitRoute.Auth.func3","file":"D:/dev_soft/AgentHub/internal/middleware/auth.go","line":33}
{"level":"info","ts":"2026-08-03T22:31:48.307+0800","msg":"backend port","port":":8000","func":"main.main","file":"D:/dev_soft/AgentHub/cmd/main.go","line":39}
{"level":"info","ts":"2026-08-03T22:33:15.302+0800","msg":"token","token":"Bearer eyJhbGciOiJIUzI1NiIsInR5cCI6IkpXVCJ9.eyJleHAiOjE3ODYwMjM4MzQsInVzZXJfaWQiOiIyMDgyMjk4MDYwMDA3ODAwODMyIn0.evixN5mVVPatQQEVuTEkIl9TYCvgZScJYBvsdqUZ9Kw","func":"route.InitRoute.Auth.func3","file":"D:/dev_soft/AgentHub/internal/middleware/auth.go","line":33}
{"level":"info","ts":"2026-08-03T22:37:05.876+0800","msg":"backend port","port":":8000","func":"main.main","file":"D:/dev_soft/AgentHub/cmd/main.go","line":39}
{"level":"info","ts":"2026-08-03T22:38:08.562+0800","msg":"token","token":"Bearer eyJhbGciOiJIUzI1NiIsInR5cCI6IkpXVCJ9.eyJleHAiOjE3ODYwMjM4MzQsInVzZXJfaWQiOiIyMDgyMjk4MDYwMDA3ODAwODMyIn0.evixN5mVVPatQQEVuTEkIl9TYCvgZScJYBvsdqUZ9Kw","func":"route.InitRoute.Auth.func3","file":"D:/dev_soft/AgentHub/internal/middleware/auth.go","line":33}
{"level":"info","ts":"2026-08-03T22:46:25.684+0800","msg":"backend port","port":":8000","func":"main.main","file":"D:/dev_soft/AgentHub/cmd/main.go","line":39}
{"level":"info","ts":"2026-08-03T22:48:34.366+0800","msg":"backend port","port":":8000","func":"main.main","file":"D:/dev_soft/AgentHub/cmd/main.go","line":39}
{"level":"info","ts":"2026-08-03T22:49:40.275+0800","msg":"backend port","port":":8000","func":"main.main","file":"D:/dev_soft/AgentHub/cmd/main.go","line":39}
{"level":"info","ts":"2026-08-04T11:39:01.378+0800","msg":"backend port","port":":8000","func":"main.main","file":"D:/dev_soft/AgentHub/cmd/main.go","line":39}
{"level":"info","ts":"2026-08-04T11:39:28.973+0800","msg":"backend port","port":":8000","func":"main.main","file":"D:/dev_soft/AgentHub/cmd/main.go","line":39}
{"level":"info","ts":"2026-08-04T11:41:40.634+0800","msg":"token","token":"Bearer eyJhbGciOiJIUzI1NiIsInR5cCI6IkpXVCJ9.eyJleHAiOjE3ODU3Mzc4OTcsInVzZXJfaWQiOiIyMDgyMjk4MDYwMDA3ODAwODMyIn0.7kODKaciQZkHdDzvRolNhw6iiUcF7l7CynsVOYjsE-s","func":"route.InitRoute.Auth.func3","file":"D:/dev_soft/AgentHub/internal/middleware/auth.go","line":33}
{"level":"info","ts":"2026-08-04T11:41:40.634+0800","msg":"JWT 解析出错","error":"token expired","func":"route.InitRoute.Auth.func3","file":"D:/dev_soft/AgentHub/internal/middleware/auth.go","line":36}
{"level":"info","ts":"2026-08-04T17:34:04.374+0800","msg":"token","token":"Bearer eyJhbGciOiJIUzI1NiIsInR5cCI6IkpXVCJ9.eyJleHAiOjE3ODYwMjM4MzQsInVzZXJfaWQiOiIyMDgyMjk4MDYwMDA3ODAwODMyIn0.evixN5mVVPatQQEVuTEkIl9TYCvgZScJYBvsdqUZ9Kw","func":"route.InitRoute.Auth.func3","file":"D:/dev_soft/AgentHub/internal/middleware/auth.go","line":33}
{"level":"info","ts":"2026-08-04T18:02:58.479+0800","msg":"backend port","port":":8000","func":"main.main","file":"D:/dev_soft/AgentHub/cmd/main.go","line":39}
{"level":"info","ts":"2026-08-04T18:04:33.569+0800","msg":"token","token":"Bearer eyJhbGciOiJIUzI1NiIsInR5cCI6IkpXVCJ9.eyJleHAiOjE3ODYwMjM4MzQsInVzZXJfaWQiOiIyMDgyMjk4MDYwMDA3ODAwODMyIn0.evixN5mVVPatQQEVuTEkIl9TYCvgZScJYBvsdqUZ9Kw","func":"route.InitRoute.Auth.func3","file":"D:/dev_soft/AgentHub/internal/middleware/auth.go","line":33}
{"level":"info","ts":"2026-08-04T18:05:01.328+0800","msg":"token","token":"Bearer eyJhbGciOiJIUzI1NiIsInR5cCI6IkpXVCJ9.eyJleHAiOjE3ODYwMjM4MzQsInVzZXJfaWQiOiIyMDgyMjk4MDYwMDA3ODAwODMyIn0.evixN5mVVPatQQEVuTEkIl9TYCvgZScJYBvsdqUZ9Kw","func":"route.InitRoute.Auth.func3","file":"D:/dev_soft/AgentHub/internal/middleware/auth.go","line":33}
{"level":"info","ts":"2026-08-04T18:05:11.037+0800","msg":"token","token":"Bearer eyJhbGciOiJIUzI1NiIsInR5cCI6IkpXVCJ9.eyJleHAiOjE3ODYwMjM4MzQsInVzZXJfaWQiOiIyMDgyMjk4MDYwMDA3ODAwODMyIn0.evixN5mVVPatQQEVuTEkIl9TYCvgZScJYBvsdqUZ9Kw","func":"route.InitRoute.Auth.func3","file":"D:/dev_soft/AgentHub/internal/middleware/auth.go","line":33}
{"level":"info","ts":"2026-08-04T18:37:15.136+0800","msg":"backend port","port":":8000","func":"main.main","file":"D:/dev_soft/AgentHub/cmd/main.go","line":39}
{"level":"info","ts":"2026-08-04T18:38:14.705+0800","msg":"token","token":"Bearer eyJhbGciOiJIUzI1NiIsInR5cCI6IkpXVCJ9.eyJleHAiOjE3ODYwMjM4MzQsInVzZXJfaWQiOiIyMDgyMjk4MDYwMDA3ODAwODMyIn0.evixN5mVVPatQQEVuTEkIl9TYCvgZScJYBvsdqUZ9Kw","func":"route.InitRoute.Auth.func3","file":"D:/dev_soft/AgentHub/internal/middleware/auth.go","line":33}
{"level":"info","ts":"2026-08-04T18:41:04.636+0800","msg":"token","token":"Bearer eyJhbGciOiJIUzI1NiIsInR5cCI6IkpXVCJ9.eyJleHAiOjE3ODYwMjM4MzQsInVzZXJfaWQiOiIyMDgyMjk4MDYwMDA3ODAwODMyIn0.evixN5mVVPatQQEVuTEkIl9TYCvgZScJYBvsdqUZ9Kw","func":"route.InitRoute.Auth.func3","file":"D:/dev_soft/AgentHub/internal/middleware/auth.go","line":33}
{"level":"info","ts":"2026-08-06T16:13:12.910+0800","msg":"backend port","port":":8000","func":"main.main","file":"D:/dev_soft/AgentHub/cmd/main.go","line":39}
{"level":"info","ts":"2026-08-06T16:15:23.323+0800","msg":"token","token":"Bearer eyJhbGciOiJIUzI1NiIsInR5cCI6IkpXVCJ9.eyJleHAiOjE3ODYwMjM4MzQsInVzZXJfaWQiOiIyMDgyMjk4MDYwMDA3ODAwODMyIn0.evixN5mVVPatQQEVuTEkIl9TYCvgZScJYBvsdqUZ9Kw","func":"route.InitRoute.Auth.func3","file":"D:/dev_soft/AgentHub/internal/middleware/auth.go","line":33}
{"level":"error","ts":"2026-08-06T16:15:23.323+0800","msg":"EOF","func":"controller.EdgeCreate","file":"D:/dev_soft/AgentHub/internal/controller/workflow.go","line":144}
{"level":"info","ts":"2026-08-06T16:17:21.793+0800","msg":"token","token":"Bearer eyJhbGciOiJIUzI1NiIsInR5cCI6IkpXVCJ9.eyJleHAiOjE3ODYwMjM4MzQsInVzZXJfaWQiOiIyMDgyMjk4MDYwMDA3ODAwODMyIn0.evixN5mVVPatQQEVuTEkIl9TYCvgZScJYBvsdqUZ9Kw","func":"route.InitRoute.Auth.func3","file":"D:/dev_soft/AgentHub/internal/middleware/auth.go","line":33}
{"level":"info","ts":"2026-08-06T16:19:21.883+0800","msg":"token","token":"Bearer eyJhbGciOiJIUzI1NiIsInR5cCI6IkpXVCJ9.eyJleHAiOjE3ODYwMjM4MzQsInVzZXJfaWQiOiIyMDgyMjk4MDYwMDA3ODAwODMyIn0.evixN5mVVPatQQEVuTEkIl9TYCvgZScJYBvsdqUZ9Kw","func":"route.InitRoute.Auth.func3","file":"D:/dev_soft/AgentHub/internal/middleware/auth.go","line":33}
{"level":"info","ts":"2026-08-06T16:51:09.105+0800","msg":"backend port","port":":8000","func":"main.main","file":"D:/dev_soft/AgentHub/cmd/main.go","line":39}
{"level":"info","ts":"2026-08-06T16:55:13.057+0800","msg":"backend port","port":":8000","func":"main.main","file":"D:/dev_soft/AgentHub/cmd/main.go","line":39}
{"level":"info","ts":"2026-08-06T16:55:58.295+0800","msg":"backend port","port":":8000","func":"main.main","file":"D:/dev_soft/AgentHub/cmd/main.go","line":39}
{"level":"info","ts":"2026-08-06T17:00:12.023+0800","msg":"backend port","port":":8000","func":"main.main","file":"D:/dev_soft/AgentHub/cmd/main.go","line":39}
{"level":"info","ts":"2026-08-06T17:01:06.398+0800","msg":"token","token":"Bearer eyJhbGciOiJIUzI1NiIsInR5cCI6IkpXVCJ9.eyJleHAiOjE3ODYyNjYwNTIsInVzZXJfaWQiOiIyMDgyMjk4MDYwMDA3ODAwODMyIn0.ToMEJObIOzy__Bp3Ct5lRagBCcd8n9HbJ0D52j3uplQ","func":"route.InitRoute.Auth.func4","file":"D:/dev_soft/AgentHub/internal/middleware/auth.go","line":33}
{"level":"debug","ts":"2026-08-06T17:01:06.402+0800","msg":"没有数据","func":"session.Page","file":"D:/dev_soft/AgentHub/internal/service/session/session.go","line":34}
{"level":"info","ts":"2026-08-06T17:13:18.801+0800","msg":"backend port","port":":8000","func":"main.main","file":"D:/dev_soft/AgentHub/cmd/main.go","line":39}
{"level":"info","ts":"2026-08-06T17:13:22.351+0800","msg":"token","token":"Bearer eyJhbGciOiJIUzI1NiIsInR5cCI6IkpXVCJ9.eyJleHAiOjE3ODYyNjYwNTIsInVzZXJfaWQiOiIyMDgyMjk4MDYwMDA3ODAwODMyIn0.ToMEJObIOzy__Bp3Ct5lRagBCcd8n9HbJ0D52j3uplQ","func":"route.InitRoute.Auth.func4","file":"D:/dev_soft/AgentHub/internal/middleware/auth.go","line":33}
{"level":"info","ts":"2026-08-06T17:29:32.890+0800","msg":"backend port","port":":8000","func":"main.main","file":"D:/dev_soft/AgentHub/cmd/main.go","line":39}
{"level":"info","ts":"2026-08-07T17:03:29.153+0800","msg":"backend port","port":":8000","func":"main.main","file":"D:/dev_soft/AgentHub/cmd/main.go","line":39}
{"level":"info","ts":"2026-08-11T10:43:38.068+0800","msg":"backend port","port":":8000","func":"main.main","file":"D:/dev_soft/AgentHub/cmd/main.go","line":39}
{"level":"info","ts":"2026-08-11T10:54:15.452+0800","msg":"backend port","port":":8000","func":"main.main","file":"D:/dev_soft/AgentHub/cmd/main.go","line":39}
{"level":"info","ts":"2026-08-11T10:54:34.876+0800","msg":"backend port","port":":8000","func":"main.main","file":"D:/dev_soft/AgentHub/cmd/main.go","line":39}
{"level":"info","ts":"2026-08-11T13:32:31.864+0800","msg":"backend port","port":":8000","func":"main.main","file":"D:/dev_soft/AgentHub/cmd/main.go","line":39}
{"level":"info","ts":"2026-08-11T13:38:22.629+0800","msg":"token","token":"Bearer eyJhbGciOiJIUzI1NiIsInR5cCI6IkpXVCJ9.eyJleHAiOjE3ODY2ODU4ODUsInVzZXJfaWQiOiIyMDgyMjk4MDYwMDA3ODAwODMyIn0.35POUT6K-BLTL_9NGDz5izRIsFJMZ1hFiXqOvwKF-Rg","func":"route.InitRoute.Auth.func7","file":"D:/dev_soft/AgentHub/internal/middleware/auth.go","line":33}
{"level":"error","ts":"2026-08-11T13:38:22.630+0800","msg":"参数绑定失败","error":"json: cannot unmarshal string into Go struct field KbCreateReq.embedder_id of type int64","func":"controller.KbCreate","file":"D:/dev_soft/AgentHub/internal/controller/knowledge_base.go","line":34}
{"level":"info","ts":"2026-08-11T13:38:59.262+0800","msg":"token","token":"Bearer eyJhbGciOiJIUzI1NiIsInR5cCI6IkpXVCJ9.eyJleHAiOjE3ODY2ODU4ODUsInVzZXJfaWQiOiIyMDgyMjk4MDYwMDA3ODAwODMyIn0.35POUT6K-BLTL_9NGDz5izRIsFJMZ1hFiXqOvwKF-Rg","func":"route.InitRoute.Auth.func7","file":"D:/dev_soft/AgentHub/internal/middleware/auth.go","line":33}
{"level":"info","ts":"2026-08-24T11:08:26.028+0800","msg":"正在创建 Redis 向量索引...","index":"kb_vector_idx","prefix":"rag:kb:","dimension":2048,"func":"dao.initRedisIndex","file":"d:/dev_soft/AgentHub/internal/dao/redis.go","line":74}
{"level":"info","ts":"2026-08-24T11:08:26.029+0800","msg":"Redis 向量索引创建成功","index":"kb_vector_idx","func":"dao.initRedisIndex","file":"d:/dev_soft/AgentHub/internal/dao/redis.go","line":100}
{"level":"info","ts":"2026-08-24T11:12:03.160+0800","msg":"Redis 索引已存在，跳过创建","index":"kb_vector_idx","func":"dao.initRedisIndex","file":"d:/dev_soft/AgentHub/internal/dao/redis.go","line":58}
{"level":"error","ts":"2026-09-04T20:54:35.986+0800","msg":"初始化 Redis 客户端失败","error":"invalid vector dimension: 0","func":"main.main","file":"D:/dev_soft/AgentHub/cmd/main.go","line":32}
{"level":"info","ts":"2026-09-04T20:56:22.528+0800","msg":"正在创建 Redis 向量索引...","index":"kb_vector_idx","prefix":"rag:kb:","dimension":2048,"func":"dao.initRedisIndex","file":"D:/dev_soft/AgentHub/internal/dao/redis.go","line":87}
{"level":"info","ts":"2026-09-04T20:56:22.554+0800","msg":"Redis 向量索引创建成功","index":"kb_vector_idx","func":"dao.initRedisIndex","file":"D:/dev_soft/AgentHub/internal/dao/redis.go","line":123}
{"level":"info","ts":"2026-09-04T20:56:22.554+0800","msg":"backend port","port":":8000","func":"main.main","file":"D:/dev_soft/AgentHub/cmd/main.go","line":39}
{"level":"debug","ts":"2026-09-14T22:26:13.124+0800","msg":"这是测试","func":"test.TestLogger","file":"d:/dev_soft/AgentHub/test/config_test.go","line":19}
{"level":"debug","ts":"2026-09-14T22:27:03.840+0800","msg":"这是测试","func":"test.TestLogger","file":"d:/dev_soft/AgentHub/test/config_test.go","line":19}
{"level":"error","ts":"2026-09-23T14:44:09.517+0800","msg":"Failed to connect to MySQL","error":"dial tcp [::1]:3306: connectex: No connection could be made because the target machine actively refused it.","func":"dao.InitMySQL","file":"D:/dev_soft/AgentHub/internal/dao/mysql.go","line":25}
{"level":"error","ts":"2026-09-23T14:44:09.518+0800","msg":"初始化 MySQL 连接失败","error":"dial tcp [::1]:3306: connectex: No connection could be made because the target machine actively refused it.","func":"main.main","file":"D:/dev_soft/AgentHub/cmd/main.go","line":26}
{"level":"info","ts":"2026-09-23T14:58:02.182+0800","msg":"Redis 索引已存在，跳过创建","index":"kb_vector_idx","func":"dao.initRedisIndex","file":"D:/dev_soft/AgentHub/internal/dao/redis.go","line":71}
{"level":"error","ts":"2026-09-23T14:58:02.183+0800","msg":"初始化 rabbitmq 连接失败","error":"dial tcp [::1]:0: connectex: The requested address is not valid in its context.","func":"main.main","file":"D:/dev_soft/AgentHub/cmd/main.go","line":40}
{"level":"info","ts":"2026-09-23T15:01:10.082+0800","msg":"Redis 索引已存在，跳过创建","index":"kb_vector_idx","func":"dao.initRedisIndex","file":"d:/dev_soft/AgentHub/internal/dao/redis.go","line":71}
{"level":"info","ts":"2026-09-23T15:01:51.241+0800","msg":"Redis 索引已存在，跳过创建","index":"kb_vector_idx","func":"dao.initRedisIndex","file":"d:/dev_soft/AgentHub/internal/dao/redis.go","line":71}
{"level":"info","ts":"2026-09-23T15:03:11.649+0800","msg":"Redis 索引已存在，跳过创建","index":"kb_vector_idx","func":"dao.initRedisIndex","file":"d:/dev_soft/AgentHub/internal/dao/redis.go","line":71}
{"level":"info","ts":"2026-09-23T15:03:23.786+0800","msg":"Redis 索引已存在，跳过创建","index":"kb_vector_idx","func":"dao.initRedisIndex","file":"d:/dev_soft/AgentHub/internal/dao/redis.go","line":71}
{"level":"info","ts":"2026-09-23T15:04:04.848+0800","msg":"Redis 索引已存在，跳过创建","index":"kb_vector_idx","func":"dao.initRedisIndex","file":"d:/dev_soft/AgentHub/internal/dao/redis.go","line":71}
{"level":"info","ts":"2026-09-23T15:04:12.101+0800","msg":"Redis 索引已存在，跳过创建","index":"kb_vector_idx","func":"dao.initRedisIndex","file":"d:/dev_soft/AgentHub/internal/dao/redis.go","line":71}
{"level":"info","ts":"2026-09-23T15:05:16.990+0800","msg":"Redis 索引已存在，跳过创建","index":"kb_vector_idx","func":"dao.initRedisIndex","file":"d:/dev_soft/AgentHub/internal/dao/redis.go","line":71}
{"level":"info","ts":"2026-09-23T15:10:06.498+0800","msg":"Redis 索引已存在，跳过创建","index":"kb_vector_idx","func":"dao.initRedisIndex","file":"d:/dev_soft/AgentHub/internal/dao/redis.go","line":71}
{"level":"info","ts":"2026-09-23T15:10:19.142+0800","msg":"Redis 索引已存在，跳过创建","index":"kb_vector_idx","func":"dao.initRedisIndex","file":"D:/dev_soft/AgentHub/internal/dao/redis.go","line":71}
{"level":"info","ts":"2026-09-23T15:10:19.194+0800","msg":"backend port","port":":8000","func":"main.main","file":"D:/dev_soft/AgentHub/cmd/main.go","line":47}
{"level":"info","ts":"2026-09-23T15:28:06.729+0800","msg":"Redis 索引已存在，跳过创建","index":"kb_vector_idx","func":"dao.initRedisIndex","file":"d:/dev_soft/AgentHub/internal/dao/redis.go","line":71}
{"level":"debug","ts":"2026-09-23T17:07:22.623+0800","msg":"这是测试","func":"test.TestLogger","file":"D:/dev_soft/AgentHub/test/config_test.go","line":19}
{"level":"info","ts":"2026-09-23T17:07:22.688+0800","msg":"Redis 索引已存在，跳过创建","index":"kb_vector_idx","func":"dao.initRedisIndex","file":"D:/dev_soft/AgentHub/internal/dao/redis.go","line":71}
{"level":"info","ts":"2026-09-23T17:07:22.770+0800","msg":"Redis 索引已存在，跳过创建","index":"kb_vector_idx","func":"dao.initRedisIndex","file":"D:/dev_soft/AgentHub/internal/dao/redis.go","line":71}
{"level":"info","ts":"2026-09-23T17:07:22.899+0800","msg":"Redis 索引已存在，跳过创建","index":"kb_vector_idx","func":"dao.initRedisIndex","file":"D:/dev_soft/AgentHub/internal/dao/redis.go","line":71}
{"level":"info","ts":"2026-09-23T17:07:22.921+0800","msg":"Redis 索引已存在，跳过创建","index":"kb_vector_idx","func":"dao.initRedisIndex","file":"D:/dev_soft/AgentHub/internal/dao/redis.go","line":71}
{"level":"info","ts":"2026-09-23T17:07:22.937+0800","msg":"Redis 索引已存在，跳过创建","index":"kb_vector_idx","func":"dao.initRedisIndex","file":"D:/dev_soft/AgentHub/internal/dao/redis.go","line":71}
{"level":"debug","ts":"2026-09-23T17:11:16.555+0800","msg":"这是测试","func":"test.TestLogger","file":"D:/dev_soft/AgentHub/test/config_test.go","line":19}
{"level":"info","ts":"2026-09-23T17:11:16.576+0800","msg":"Redis 索引已存在，跳过创建","index":"kb_vector_idx","func":"dao.initRedisIndex","file":"D:/dev_soft/AgentHub/internal/dao/redis.go","line":71}
{"level":"info","ts":"2026-09-23T17:11:16.590+0800","msg":"Redis 索引已存在，跳过创建","index":"kb_vector_idx","func":"dao.initRedisIndex","file":"D:/dev_soft/AgentHub/internal/dao/redis.go","line":71}
{"level":"info","ts":"2026-09-23T17:11:16.708+0800","msg":"Redis 索引已存在，跳过创建","index":"kb_vector_idx","func":"dao.initRedisIndex","file":"D:/dev_soft/AgentHub/internal/dao/redis.go","line":71}
{"level":"info","ts":"2026-09-23T17:11:16.774+0800","msg":"Redis 索引已存在，跳过创建","index":"kb_vector_idx","func":"dao.initRedisIndex","file":"D:/dev_soft/AgentHub/internal/dao/redis.go","line":71}
{"level":"info","ts":"2026-09-23T17:11:16.786+0800","msg":"Redis 索引已存在，跳过创建","index":"kb_vector_idx","func":"dao.initRedisIndex","file":"D:/dev_soft/AgentHub/internal/dao/redis.go","line":71}
{"level":"debug","ts":"2026-09-24T16:12:48.178+0800","msg":"这是测试","func":"test.TestLogger","file":"D:/dev_soft/AgentHub/test/config_test.go","line":19}
